SLF4J(W): No SLF4J providers were found.
SLF4J(W): Defaulting to no-operation (NOP) logger implementation
SLF4J(W): See https://www.slf4j.org/codes.html#noProviders for further details.
[bench] backlog=0 rep=1 pause=0.130ms pending=0 liveIndexes=1 outcome=COMMITTED
[bench] backlog=0 rep=2 pause=0.117ms pending=0 liveIndexes=1 outcome=COMMITTED
[bench] backlog=0 rep=3 pause=0.111ms pending=0 liveIndexes=1 outcome=COMMITTED
[bench] backlog=0 rep=4 pause=0.111ms pending=0 liveIndexes=1 outcome=COMMITTED
[bench] backlog=0 rep=5 pause=0.098ms pending=0 liveIndexes=1 outcome=COMMITTED
[bench] backlog=100 rep=1 pause=0.232ms pending=99 liveIndexes=1 outcome=COMMITTED
[bench] backlog=100 rep=2 pause=0.209ms pending=98 liveIndexes=1 outcome=COMMITTED
[bench] backlog=100 rep=3 pause=0.191ms pending=99 liveIndexes=1 outcome=COMMITTED
[bench] backlog=100 rep=4 pause=0.192ms pending=99 liveIndexes=1 outcome=COMMITTED
[bench] backlog=100 rep=5 pause=0.215ms pending=99 liveIndexes=1 outcome=COMMITTED
[bench] backlog=1000 rep=1 pause=0.591ms pending=999 liveIndexes=1 outcome=COMMITTED
[bench] backlog=1000 rep=2 pause=0.473ms pending=999 liveIndexes=1 outcome=COMMITTED
[bench] backlog=1000 rep=3 pause=0.658ms pending=1000 liveIndexes=1 outcome=COMMITTED
[bench] backlog=1000 rep=4 pause=0.666ms pending=999 liveIndexes=1 outcome=COMMITTED
[bench] backlog=1000 rep=5 pause=0.418ms pending=999 liveIndexes=1 outcome=COMMITTED
[bench] backlog=10000 rep=1 pause=3.584ms pending=9999 liveIndexes=1 outcome=COMMITTED
[bench] backlog=10000 rep=2 pause=3.310ms pending=9999 liveIndexes=1 outcome=COMMITTED
[bench] backlog=10000 rep=3 pause=2.471ms pending=9999 liveIndexes=1 outcome=COMMITTED
[bench] backlog=10000 rep=4 pause=2.058ms pending=9999 liveIndexes=1 outcome=COMMITTED
[bench] backlog=10000 rep=5 pause=1.763ms pending=10000 liveIndexes=1 outcome=COMMITTED
[bench] warm-up low-load per-function (no change)
[bench] warm-up low-load shared-queue (no change)
[bench] warm-up low-load per-function -> shared-queue
[bench] warm-up low-load shared-queue -> per-function
[bench] low-load per-function (no change) rep=1 useful=208 p99=2.641ms backlogMax=0
[bench] low-load shared-queue (no change) rep=1 useful=208 p99=2.780ms backlogMax=0
[bench] low-load per-function -> shared-queue rep=1 useful=208 p99=2.694ms backlogMax=0
[bench] low-load shared-queue -> per-function rep=1 useful=208 p99=3.001ms backlogMax=0
[bench] low-load shared-queue -> per-function rep=2 useful=188 p99=2.726ms backlogMax=0
[bench] low-load per-function -> shared-queue rep=2 useful=188 p99=2.549ms backlogMax=0
[bench] low-load shared-queue (no change) rep=2 useful=188 p99=2.730ms backlogMax=0
[bench] low-load per-function (no change) rep=2 useful=188 p99=2.744ms backlogMax=0
[bench] low-load per-function (no change) rep=3 useful=174 p99=2.597ms backlogMax=0
[bench] low-load shared-queue (no change) rep=3 useful=174 p99=2.602ms backlogMax=0
[bench] low-load per-function -> shared-queue rep=3 useful=174 p99=2.576ms backlogMax=0
[bench] low-load shared-queue -> per-function rep=3 useful=174 p99=2.761ms backlogMax=0
[bench] low-load shared-queue -> per-function rep=4 useful=212 p99=2.595ms backlogMax=0
[bench] low-load per-function -> shared-queue rep=4 useful=212 p99=2.678ms backlogMax=0
[bench] low-load shared-queue (no change) rep=4 useful=212 p99=2.755ms backlogMax=0
[bench] low-load per-function (no change) rep=4 useful=212 p99=2.902ms backlogMax=0
[bench] low-load per-function (no change) rep=5 useful=194 p99=2.564ms backlogMax=0
[bench] low-load shared-queue (no change) rep=5 useful=194 p99=2.758ms backlogMax=0
[bench] low-load per-function -> shared-queue rep=5 useful=194 p99=2.677ms backlogMax=0
[bench] low-load shared-queue -> per-function rep=5 useful=194 p99=2.556ms backlogMax=0
[bench] return-to-baseline: committed=1000 refused=0 pending switched=403 vs plain=397 live switched=1 vs plain=1 maxLive=2 conserved switched=true plain=true
