SLF4J(W): No SLF4J providers were found.
SLF4J(W): Defaulting to no-operation (NOP) logger implementation
SLF4J(W): See https://www.slf4j.org/codes.html#noProviders for further details.
[bench] backlog=0 rep=1 pause=0.112ms pending=0 liveIndexes=1 outcome=COMMITTED
[bench] backlog=0 rep=2 pause=0.116ms pending=0 liveIndexes=1 outcome=COMMITTED
[bench] backlog=0 rep=3 pause=0.119ms pending=0 liveIndexes=1 outcome=COMMITTED
[bench] backlog=0 rep=4 pause=0.114ms pending=0 liveIndexes=1 outcome=COMMITTED
[bench] backlog=0 rep=5 pause=0.116ms pending=0 liveIndexes=1 outcome=COMMITTED
[bench] backlog=100 rep=1 pause=0.223ms pending=99 liveIndexes=1 outcome=COMMITTED
[bench] backlog=100 rep=2 pause=0.262ms pending=99 liveIndexes=1 outcome=COMMITTED
[bench] backlog=100 rep=3 pause=0.159ms pending=99 liveIndexes=1 outcome=COMMITTED
[bench] backlog=100 rep=4 pause=0.237ms pending=100 liveIndexes=1 outcome=COMMITTED
[bench] backlog=100 rep=5 pause=0.213ms pending=99 liveIndexes=1 outcome=COMMITTED
[bench] backlog=1000 rep=1 pause=0.454ms pending=1000 liveIndexes=1 outcome=COMMITTED
[bench] backlog=1000 rep=2 pause=0.564ms pending=999 liveIndexes=1 outcome=COMMITTED
[bench] backlog=1000 rep=3 pause=0.406ms pending=999 liveIndexes=1 outcome=COMMITTED
[bench] backlog=1000 rep=4 pause=0.451ms pending=999 liveIndexes=1 outcome=COMMITTED
[bench] backlog=1000 rep=5 pause=0.414ms pending=1000 liveIndexes=1 outcome=COMMITTED
[bench] backlog=10000 rep=1 pause=2.088ms pending=9999 liveIndexes=1 outcome=COMMITTED
[bench] backlog=10000 rep=2 pause=3.009ms pending=9999 liveIndexes=1 outcome=COMMITTED
[bench] backlog=10000 rep=3 pause=2.669ms pending=9999 liveIndexes=1 outcome=COMMITTED
[bench] backlog=10000 rep=4 pause=2.678ms pending=9999 liveIndexes=1 outcome=COMMITTED
[bench] backlog=10000 rep=5 pause=2.355ms pending=9999 liveIndexes=1 outcome=COMMITTED
[bench] warm-up low-load per-function (no change)
[bench] warm-up low-load shared-queue (no change)
[bench] warm-up low-load per-function -> shared-queue
[bench] warm-up low-load shared-queue -> per-function
[bench] low-load per-function (no change) rep=1 useful=208 p99=2.636ms backlogMax=0
[bench] low-load shared-queue (no change) rep=1 useful=208 p99=2.631ms backlogMax=0
[bench] low-load per-function -> shared-queue rep=1 useful=208 p99=2.785ms backlogMax=0
[bench] low-load shared-queue -> per-function rep=1 useful=208 p99=2.732ms backlogMax=0
[bench] low-load shared-queue -> per-function rep=2 useful=188 p99=2.698ms backlogMax=0
[bench] low-load per-function -> shared-queue rep=2 useful=188 p99=2.938ms backlogMax=0
[bench] low-load shared-queue (no change) rep=2 useful=188 p99=2.548ms backlogMax=0
[bench] low-load per-function (no change) rep=2 useful=188 p99=2.546ms backlogMax=0
[bench] low-load per-function (no change) rep=3 useful=174 p99=2.781ms backlogMax=0
[bench] low-load shared-queue (no change) rep=3 useful=174 p99=2.755ms backlogMax=0
[bench] low-load per-function -> shared-queue rep=3 useful=174 p99=2.644ms backlogMax=0
[bench] low-load shared-queue -> per-function rep=3 useful=174 p99=2.679ms backlogMax=0
[bench] low-load shared-queue -> per-function rep=4 useful=212 p99=2.561ms backlogMax=0
[bench] low-load per-function -> shared-queue rep=4 useful=212 p99=2.560ms backlogMax=0
[bench] low-load shared-queue (no change) rep=4 useful=212 p99=2.636ms backlogMax=0
[bench] low-load per-function (no change) rep=4 useful=212 p99=2.746ms backlogMax=0
[bench] low-load per-function (no change) rep=5 useful=194 p99=2.755ms backlogMax=0
[bench] low-load shared-queue (no change) rep=5 useful=194 p99=2.748ms backlogMax=0
[bench] low-load per-function -> shared-queue rep=5 useful=194 p99=2.566ms backlogMax=0
[bench] low-load shared-queue -> per-function rep=5 useful=194 p99=2.784ms backlogMax=0
[bench] return-to-baseline: committed=1000 refused=0 pending switched=398 vs plain=398 live switched=1 vs plain=1 maxLive=2 conserved switched=true plain=true
