Compiled from "PooledConnectionProvider.java"
public abstract class reactor.netty.resources.PooledConnectionProvider<T extends reactor.netty.Connection> implements reactor.netty.resources.ConnectionProvider {
  protected static final java.lang.String CONTEXT_CALLER_EVENTLOOP;

  final reactor.netty.resources.PooledConnectionProvider$PoolFactory<T> defaultPoolFactory;

  final java.util.Map<java.net.SocketAddress, reactor.netty.resources.PooledConnectionProvider$PoolFactory<T>> poolFactoryPerRemoteHost;

  final java.util.concurrent.ConcurrentMap<reactor.netty.resources.PooledConnectionProvider$PoolKey, reactor.netty.internal.shaded.reactor.pool.InstrumentedPool<T>> channelPools;

  final reactor.netty.resources.ConnectionProvider$Builder builder;

  final java.lang.String name;

  final java.time.Duration inactivePoolDisposeInterval;

  final java.time.Duration poolInactivity;

  final java.time.Duration disposeTimeout;

  final int maxConnectionPools;

  final java.util.concurrent.atomic.AtomicInteger connectionPoolCount;

  final java.util.Map<java.net.SocketAddress, java.lang.Integer> maxConnections;

  reactor.core.publisher.Mono<java.lang.Void> onDispose;

  static final reactor.util.Logger log;

  protected reactor.netty.resources.PooledConnectionProvider(reactor.netty.resources.ConnectionProvider$Builder);
    Code:
         0: aload_0
         1: aload_1
         2: aconst_null
         3: invokespecial #78                 // Method "<init>":(Lreactor/netty/resources/ConnectionProvider$Builder;Ljava/time/Clock;)V
         6: return

  reactor.netty.resources.PooledConnectionProvider(reactor.netty.resources.ConnectionProvider$Builder, java.time.Clock);
    Code:
         0: aload_0
         1: invokespecial #84                 // Method java/lang/Object."<init>":()V
         4: aload_0
         5: new           #86                 // class java/util/HashMap
         8: dup
         9: invokespecial #87                 // Method java/util/HashMap."<init>":()V
        12: putfield      #89                 // Field poolFactoryPerRemoteHost:Ljava/util/Map;
        15: aload_0
        16: new           #91                 // class java/util/concurrent/ConcurrentHashMap
        19: dup
        20: invokespecial #92                 // Method java/util/concurrent/ConcurrentHashMap."<init>":()V
        23: putfield      #94                 // Field channelPools:Ljava/util/concurrent/ConcurrentMap;
        26: aload_0
        27: new           #96                 // class java/util/concurrent/atomic/AtomicInteger
        30: dup
        31: iconst_0
        32: invokespecial #99                 // Method java/util/concurrent/atomic/AtomicInteger."<init>":(I)V
        35: putfield      #101                // Field connectionPoolCount:Ljava/util/concurrent/atomic/AtomicInteger;
        38: aload_0
        39: new           #86                 // class java/util/HashMap
        42: dup
        43: invokespecial #87                 // Method java/util/HashMap."<init>":()V
        46: putfield      #103                // Field maxConnections:Ljava/util/Map;
        49: aload_0
        50: aload_1
        51: putfield      #105                // Field builder:Lreactor/netty/resources/ConnectionProvider$Builder;
        54: aload_0
        55: aload_1
        56: getfield      #107                // Field reactor/netty/resources/ConnectionProvider$Builder.name:Ljava/lang/String;
        59: putfield      #108                // Field name:Ljava/lang/String;
        62: aload_0
        63: aload_1
        64: getfield      #110                // Field reactor/netty/resources/ConnectionProvider$Builder.inactivePoolDisposeInterval:Ljava/time/Duration;
        67: putfield      #111                // Field inactivePoolDisposeInterval:Ljava/time/Duration;
        70: aload_0
        71: aload_1
        72: getfield      #113                // Field reactor/netty/resources/ConnectionProvider$Builder.poolInactivity:Ljava/time/Duration;
        75: putfield      #114                // Field poolInactivity:Ljava/time/Duration;
        78: aload_0
        79: aload_1
        80: getfield      #116                // Field reactor/netty/resources/ConnectionProvider$Builder.disposeTimeout:Ljava/time/Duration;
        83: putfield      #117                // Field disposeTimeout:Ljava/time/Duration;
        86: aload_0
        87: aload_1
        88: getfield      #119                // Field reactor/netty/resources/ConnectionProvider$Builder.maxConnectionPools:I
        91: putfield      #120                // Field maxConnectionPools:I
        94: aload_0
        95: new           #16                 // class reactor/netty/resources/PooledConnectionProvider$PoolFactory
        98: dup
        99: aload_1
       100: aload_1
       101: getfield      #116                // Field reactor/netty/resources/ConnectionProvider$Builder.disposeTimeout:Ljava/time/Duration;
       104: aload_2
       105: invokespecial #123                // Method reactor/netty/resources/PooledConnectionProvider$PoolFactory."<init>":(Lreactor/netty/resources/ConnectionProvider$ConnectionPoolSpec;Ljava/time/Duration;Ljava/time/Clock;)V
       108: putfield      #125                // Field defaultPoolFactory:Lreactor/netty/resources/PooledConnectionProvider$PoolFactory;
       111: aload_1
       112: getfield      #128                // Field reactor/netty/resources/ConnectionProvider$Builder.confPerRemoteHost:Ljava/util/Map;
       115: invokeinterface #132,  1          // InterfaceMethod java/util/Map.entrySet:()Ljava/util/Set;
       120: invokeinterface #138,  1          // InterfaceMethod java/util/Set.iterator:()Ljava/util/Iterator;
       125: astore_3
       126: aload_3
       127: invokeinterface #146,  1          // InterfaceMethod java/util/Iterator.hasNext:()Z
       132: ifeq          220
       135: aload_3
       136: invokeinterface #150,  1          // InterfaceMethod java/util/Iterator.next:()Ljava/lang/Object;
       141: checkcast     #22                 // class java/util/Map$Entry
       144: astore        4
       146: aload_0
       147: getfield      #89                 // Field poolFactoryPerRemoteHost:Ljava/util/Map;
       150: aload         4
       152: invokeinterface #153,  1          // InterfaceMethod java/util/Map$Entry.getKey:()Ljava/lang/Object;
       157: new           #16                 // class reactor/netty/resources/PooledConnectionProvider$PoolFactory
       160: dup
       161: aload         4
       163: invokeinterface #156,  1          // InterfaceMethod java/util/Map$Entry.getValue:()Ljava/lang/Object;
       168: checkcast     #27                 // class reactor/netty/resources/ConnectionProvider$ConnectionPoolSpec
       171: aload_1
       172: getfield      #116                // Field reactor/netty/resources/ConnectionProvider$Builder.disposeTimeout:Ljava/time/Duration;
       175: invokespecial #159                // Method reactor/netty/resources/PooledConnectionProvider$PoolFactory."<init>":(Lreactor/netty/resources/ConnectionProvider$ConnectionPoolSpec;Ljava/time/Duration;)V
       178: invokeinterface #163,  3          // InterfaceMethod java/util/Map.put:(Ljava/lang/Object;Ljava/lang/Object;)Ljava/lang/Object;
       183: pop
       184: aload_0
       185: getfield      #103                // Field maxConnections:Ljava/util/Map;
       188: aload         4
       190: invokeinterface #153,  1          // InterfaceMethod java/util/Map$Entry.getKey:()Ljava/lang/Object;
       195: aload         4
       197: invokeinterface #156,  1          // InterfaceMethod java/util/Map$Entry.getValue:()Ljava/lang/Object;
       202: checkcast     #27                 // class reactor/netty/resources/ConnectionProvider$ConnectionPoolSpec
       205: getfield      #165                // Field reactor/netty/resources/ConnectionProvider$ConnectionPoolSpec.maxConnections:I
       208: invokestatic  #171                // Method java/lang/Integer.valueOf:(I)Ljava/lang/Integer;
       211: invokeinterface #163,  3          // InterfaceMethod java/util/Map.put:(Ljava/lang/Object;Ljava/lang/Object;)Ljava/lang/Object;
       216: pop
       217: goto          126
       220: aload_0
       221: invokestatic  #177                // Method reactor/core/publisher/Mono.empty:()Lreactor/core/publisher/Mono;
       224: putfield      #179                // Field onDispose:Lreactor/core/publisher/Mono;
       227: aload_0
       228: invokevirtual #182                // Method scheduleInactivePoolsDisposal:()V
       231: return

  public final reactor.core.publisher.Mono<? extends reactor.netty.Connection> acquire(reactor.netty.transport.TransportConfig, reactor.netty.ConnectionObserver, java.util.function.Supplier<? extends java.net.SocketAddress>, io.netty.resolver.AddressResolverGroup<?>);
    Code:
         0: aload_1
         1: ldc           #192                // String config
         3: invokestatic  #198                // Method java/util/Objects.requireNonNull:(Ljava/lang/Object;Ljava/lang/String;)Ljava/lang/Object;
         6: pop
         7: aload_2
         8: ldc           #200                // String connectionObserver
        10: invokestatic  #198                // Method java/util/Objects.requireNonNull:(Ljava/lang/Object;Ljava/lang/String;)Ljava/lang/Object;
        13: pop
        14: aload_3
        15: ldc           #202                // String remoteAddress
        17: invokestatic  #198                // Method java/util/Objects.requireNonNull:(Ljava/lang/Object;Ljava/lang/String;)Ljava/lang/Object;
        20: pop
        21: aload_0
        22: aload_3
        23: aload_1
        24: aload         4
        26: aload_2
        27: invokedynamic #222,  0            // InvokeDynamic #0:accept:(Lreactor/netty/resources/PooledConnectionProvider;Ljava/util/function/Supplier;Lreactor/netty/transport/TransportConfig;Lio/netty/resolver/AddressResolverGroup;Lreactor/netty/ConnectionObserver;)Ljava/util/function/Consumer;
        32: invokestatic  #226                // Method reactor/core/publisher/Mono.create:(Ljava/util/function/Consumer;)Lreactor/core/publisher/Mono;
        35: areturn

  public final reactor.core.publisher.Mono<java.lang.Void> disposeLater();
    Code:
         0: aload_0
         1: invokedynamic #246,  0            // InvokeDynamic #1:get:(Lreactor/netty/resources/PooledConnectionProvider;)Ljava/util/function/Supplier;
         6: invokestatic  #250                // Method reactor/core/publisher/Mono.defer:(Ljava/util/function/Supplier;)Lreactor/core/publisher/Mono;
         9: areturn

  public final void disposeWhen(java.net.SocketAddress);
    Code:
         0: aload_0
         1: getfield      #94                 // Field channelPools:Ljava/util/concurrent/ConcurrentMap;
         4: invokeinterface #255,  1          // InterfaceMethod java/util/concurrent/ConcurrentMap.entrySet:()Ljava/util/Set;
         9: invokeinterface #259,  1          // InterfaceMethod java/util/Set.stream:()Ljava/util/stream/Stream;
        14: aload_1
        15: invokedynamic #272,  0            // InvokeDynamic #2:test:(Ljava/net/SocketAddress;)Ljava/util/function/Predicate;
        20: invokeinterface #278,  2          // InterfaceMethod java/util/stream/Stream.filter:(Ljava/util/function/Predicate;)Ljava/util/stream/Stream;
        25: invokestatic  #284                // Method java/util/stream/Collectors.toList:()Ljava/util/stream/Collector;
        28: invokeinterface #288,  2          // InterfaceMethod java/util/stream/Stream.collect:(Ljava/util/stream/Collector;)Ljava/lang/Object;
        33: checkcast     #290                // class java/util/List
        36: astore_2
        37: aload_2
        38: aload_0
        39: aload_1
        40: invokedynamic #300,  0            // InvokeDynamic #3:accept:(Lreactor/netty/resources/PooledConnectionProvider;Ljava/net/SocketAddress;)Ljava/util/function/Consumer;
        45: invokeinterface #304,  2          // InterfaceMethod java/util/List.forEach:(Ljava/util/function/Consumer;)V
        50: return

  public final boolean isDisposed();
    Code:
         0: aload_0
         1: getfield      #94                 // Field channelPools:Ljava/util/concurrent/ConcurrentMap;
         4: invokeinterface #313,  1          // InterfaceMethod java/util/concurrent/ConcurrentMap.isEmpty:()Z
         9: ifne          39
        12: aload_0
        13: getfield      #94                 // Field channelPools:Ljava/util/concurrent/ConcurrentMap;
        16: invokeinterface #317,  1          // InterfaceMethod java/util/concurrent/ConcurrentMap.values:()Ljava/util/Collection;
        21: invokeinterface #320,  1          // InterfaceMethod java/util/Collection.stream:()Ljava/util/stream/Stream;
        26: invokedynamic #330,  0            // InvokeDynamic #4:test:()Ljava/util/function/Predicate;
        31: invokeinterface #334,  2          // InterfaceMethod java/util/stream/Stream.allMatch:(Ljava/util/function/Predicate;)Z
        36: ifeq          43
        39: iconst_1
        40: goto          44
        43: iconst_0
        44: ireturn

  public int maxConnections();
    Code:
         0: aload_0
         1: getfield      #125                // Field defaultPoolFactory:Lreactor/netty/resources/PooledConnectionProvider$PoolFactory;
         4: getfield      #336                // Field reactor/netty/resources/PooledConnectionProvider$PoolFactory.maxConnections:I
         7: ireturn

  public java.util.Map<java.net.SocketAddress, java.lang.Integer> maxConnectionsPerHost();
    Code:
         0: aload_0
         1: getfield      #103                // Field maxConnections:Ljava/util/Map;
         4: areturn

  public reactor.netty.resources.ConnectionProvider$Builder mutate();
    Code:
         0: new           #19                 // class reactor/netty/resources/ConnectionProvider$Builder
         3: dup
         4: aload_0
         5: getfield      #105                // Field builder:Lreactor/netty/resources/ConnectionProvider$Builder;
         8: invokespecial #343                // Method reactor/netty/resources/ConnectionProvider$Builder."<init>":(Lreactor/netty/resources/ConnectionProvider$Builder;)V
        11: areturn

  public java.lang.String name();
    Code:
         0: aload_0
         1: getfield      #108                // Field name:Ljava/lang/String;
         4: areturn

  public void onDispose(reactor.core.publisher.Mono<java.lang.Void>);
    Code:
         0: aload_0
         1: aload_0
         2: getfield      #179                // Field onDispose:Lreactor/core/publisher/Mono;
         5: aload_1
         6: invokevirtual #350                // Method reactor/core/publisher/Mono.and:(Lorg/reactivestreams/Publisher;)Lreactor/core/publisher/Mono;
         9: putfield      #179                // Field onDispose:Lreactor/core/publisher/Mono;
        12: return

  protected abstract reactor.core.CoreSubscriber<reactor.netty.internal.shaded.reactor.pool.PooledRef<T>> createDisposableAcquire(reactor.netty.transport.TransportConfig, reactor.netty.ConnectionObserver, long, reactor.netty.internal.shaded.reactor.pool.InstrumentedPool<T>, reactor.core.publisher.MonoSink<reactor.netty.Connection>, reactor.util.context.Context);

  protected reactor.core.CoreSubscriber<reactor.netty.internal.shaded.reactor.pool.PooledRef<T>> createDisposableAcquire(reactor.netty.transport.TransportConfig, reactor.netty.ConnectionObserver, long, reactor.netty.internal.shaded.reactor.pool.InstrumentedPool<T>, java.net.SocketAddress, reactor.core.publisher.MonoSink<reactor.netty.Connection>, reactor.util.context.Context);
    Code:
         0: aload_0
         1: aload_1
         2: aload_2
         3: lload_3
         4: aload         5
         6: aload         7
         8: aload         8
        10: invokevirtual #358                // Method createDisposableAcquire:(Lreactor/netty/transport/TransportConfig;Lreactor/netty/ConnectionObserver;JLreactor/netty/internal/shaded/reactor/pool/InstrumentedPool;Lreactor/core/publisher/MonoSink;Lreactor/util/context/Context;)Lreactor/core/CoreSubscriber;
        13: areturn

  protected abstract reactor.netty.internal.shaded.reactor.pool.InstrumentedPool<T> createPool(reactor.netty.transport.TransportConfig, reactor.netty.resources.PooledConnectionProvider$PoolFactory<T>, java.net.SocketAddress, io.netty.resolver.AddressResolverGroup<?>);

  protected reactor.netty.internal.shaded.reactor.pool.InstrumentedPool<T> createPool(java.lang.String, reactor.netty.transport.TransportConfig, reactor.netty.resources.PooledConnectionProvider$PoolFactory<T>, java.net.SocketAddress, io.netty.resolver.AddressResolverGroup<?>);
    Code:
         0: aload_0
         1: aload_2
         2: aload_3
         3: aload         4
         5: aload         5
         7: invokevirtual #375                // Method createPool:(Lreactor/netty/transport/TransportConfig;Lreactor/netty/resources/PooledConnectionProvider$PoolFactory;Ljava/net/SocketAddress;Lio/netty/resolver/AddressResolverGroup;)Lreactor/netty/internal/shaded/reactor/pool/InstrumentedPool;
        10: areturn

  protected reactor.netty.resources.PooledConnectionProvider$PoolFactory<T> poolFactory(java.net.SocketAddress);
    Code:
         0: aload_0
         1: getfield      #89                 // Field poolFactoryPerRemoteHost:Ljava/util/Map;
         4: aload_1
         5: aload_0
         6: getfield      #125                // Field defaultPoolFactory:Lreactor/netty/resources/PooledConnectionProvider$PoolFactory;
         9: invokeinterface #382,  3          // InterfaceMethod java/util/Map.getOrDefault:(Ljava/lang/Object;Ljava/lang/Object;)Ljava/lang/Object;
        14: checkcast     #16                 // class reactor/netty/resources/PooledConnectionProvider$PoolFactory
        17: areturn

  protected reactor.netty.resources.ConnectionPoolMetrics delegateConnectionPoolMetrics(reactor.netty.internal.shaded.reactor.pool.InstrumentedPool$PoolMetrics);
    Code:
         0: new           #386                // class reactor/netty/resources/DelegatingConnectionPoolMetrics
         3: dup
         4: aload_1
         5: invokespecial #389                // Method reactor/netty/resources/DelegatingConnectionPoolMetrics."<init>":(Lreactor/netty/internal/shaded/reactor/pool/InstrumentedPool$PoolMetrics;)V
         8: areturn

  protected void registerDefaultMetrics(java.lang.String, java.net.SocketAddress, reactor.netty.internal.shaded.reactor.pool.InstrumentedPool$PoolMetrics);
    Code:
         0: aload_0
         1: getfield      #108                // Field name:Ljava/lang/String;
         4: aload_1
         5: aload_2
         6: aload_3
         7: invokestatic  #399                // Method reactor/netty/resources/MicrometerPooledConnectionProviderMeterRegistrar.registerMetrics:(Ljava/lang/String;Ljava/lang/String;Ljava/net/SocketAddress;Lreactor/netty/internal/shaded/reactor/pool/InstrumentedPool$PoolMetrics;)V
        10: return

  protected void deRegisterDefaultMetrics(java.lang.String, java.net.SocketAddress);
    Code:
         0: aload_0
         1: getfield      #108                // Field name:Ljava/lang/String;
         4: aload_1
         5: aload_2
         6: invokestatic  #405                // Method reactor/netty/resources/MicrometerPooledConnectionProviderMeterRegistrar.deRegisterMetrics:(Ljava/lang/String;Ljava/lang/String;Ljava/net/SocketAddress;)V
         9: return

  reactor.core.publisher.Mono<java.lang.Void> deRegisterDefaultMetrics(java.lang.String, reactor.netty.internal.shaded.reactor.pool.PoolMetricsRecorder, java.util.function.Supplier<? extends reactor.netty.resources.ConnectionProvider$MeterRegistrar>, java.net.SocketAddress);
    Code:
         0: aload_0
         1: aload_3
         2: aload_1
         3: aload         4
         5: aload_2
         6: invokedynamic #417,  0            // InvokeDynamic #5:run:(Lreactor/netty/resources/PooledConnectionProvider;Ljava/util/function/Supplier;Ljava/lang/String;Ljava/net/SocketAddress;Lreactor/netty/internal/shaded/reactor/pool/PoolMetricsRecorder;)Ljava/lang/Runnable;
        11: invokestatic  #421                // Method reactor/core/publisher/Mono.fromRunnable:(Ljava/lang/Runnable;)Lreactor/core/publisher/Mono;
        14: areturn

  static boolean compareAddresses(java.net.SocketAddress, java.net.SocketAddress);
    Code:
         0: aload_0
         1: aload_1
         2: invokevirtual #430                // Method java/lang/Object.equals:(Ljava/lang/Object;)Z
         5: ifeq          10
         8: iconst_1
         9: ireturn
        10: aload_0
        11: instanceof    #432                // class java/net/InetSocketAddress
        14: ifeq          84
        17: aload_1
        18: instanceof    #432                // class java/net/InetSocketAddress
        21: ifeq          84
        24: aload_0
        25: checkcast     #432                // class java/net/InetSocketAddress
        28: astore_2
        29: aload_1
        30: checkcast     #432                // class java/net/InetSocketAddress
        33: astore_3
        34: aload_2
        35: invokevirtual #435                // Method java/net/InetSocketAddress.getPort:()I
        38: aload_3
        39: invokevirtual #435                // Method java/net/InetSocketAddress.getPort:()I
        42: if_icmpne     84
        45: aload_3
        46: invokevirtual #439                // Method java/net/InetSocketAddress.getAddress:()Ljava/net/InetAddress;
        49: astore        4
        51: aload         4
        53: ifnull        64
        56: aload         4
        58: invokevirtual #444                // Method java/net/InetAddress.isAnyLocalAddress:()Z
        61: ifne          78
        64: aload_2
        65: invokevirtual #447                // Method java/net/InetSocketAddress.getHostString:()Ljava/lang/String;
        68: aload_3
        69: invokevirtual #447                // Method java/net/InetSocketAddress.getHostString:()Ljava/lang/String;
        72: invokestatic  #450                // Method java/util/Objects.equals:(Ljava/lang/Object;Ljava/lang/Object;)Z
        75: ifeq          82
        78: iconst_1
        79: goto          83
        82: iconst_0
        83: ireturn
        84: iconst_0
        85: ireturn

  protected static void logPoolState(io.netty.channel.Channel, reactor.netty.internal.shaded.reactor.pool.InstrumentedPool<? extends reactor.netty.Connection>, java.lang.String);
    Code:
         0: aload_0
         1: aload_1
         2: aload_2
         3: aconst_null
         4: invokestatic  #463                // Method logPoolState:(Lio/netty/channel/Channel;Lreactor/netty/internal/shaded/reactor/pool/InstrumentedPool;Ljava/lang/String;Ljava/lang/Throwable;)V
         7: return

  protected static void logPoolState(io.netty.channel.Channel, reactor.netty.internal.shaded.reactor.pool.InstrumentedPool<? extends reactor.netty.Connection>, java.lang.String, java.lang.Throwable);
    Code:
         0: new           #470                // class java/lang/StringBuilder
         3: dup
         4: invokespecial #471                // Method java/lang/StringBuilder."<init>":()V
         7: aload_2
         8: invokevirtual #475                // Method java/lang/StringBuilder.append:(Ljava/lang/String;)Ljava/lang/StringBuilder;
        11: ldc_w         #477                // String ,
        14: invokevirtual #475                // Method java/lang/StringBuilder.append:(Ljava/lang/String;)Ljava/lang/StringBuilder;
        17: aload_1
        18: invokestatic  #481                // Method stringifyPoolMetrics:(Lreactor/netty/internal/shaded/reactor/pool/InstrumentedPool;)Ljava/lang/String;
        21: invokevirtual #475                // Method java/lang/StringBuilder.append:(Ljava/lang/String;)Ljava/lang/StringBuilder;
        24: invokevirtual #484                // Method java/lang/StringBuilder.toString:()Ljava/lang/String;
        27: astore        4
        29: aload_3
        30: ifnonnull     48
        33: getstatic     #486                // Field log:Lreactor/util/Logger;
        36: aload_0
        37: aload         4
        39: invokestatic  #492                // Method reactor/netty/ReactorNetty.format:(Lio/netty/channel/Channel;Ljava/lang/String;)Ljava/lang/String;
        42: invokeinterface #498,  2          // InterfaceMethod reactor/util/Logger.debug:(Ljava/lang/String;)V
        47: return
        48: getstatic     #486                // Field log:Lreactor/util/Logger;
        51: aload_0
        52: aload         4
        54: invokestatic  #492                // Method reactor/netty/ReactorNetty.format:(Lio/netty/channel/Channel;Ljava/lang/String;)Ljava/lang/String;
        57: aload_3
        58: invokeinterface #503,  3          // InterfaceMethod reactor/util/Logger.debug:(Ljava/lang/String;Ljava/lang/Throwable;)V
        63: return

  private static java.lang.String stringifyPoolMetrics(reactor.netty.internal.shaded.reactor.pool.InstrumentedPool<? extends reactor.netty.Connection>);
    Code:
         0: aload_0
         1: invokeinterface #510,  1          // InterfaceMethod reactor/netty/internal/shaded/reactor/pool/InstrumentedPool.metrics:()Lreactor/netty/internal/shaded/reactor/pool/InstrumentedPool$PoolMetrics;
         6: astore_1
         7: new           #512                // class java/util/StringJoiner
        10: dup
        11: ldc_w         #514                // String
        14: invokespecial #517                // Method java/util/StringJoiner."<init>":(Ljava/lang/CharSequence;)V
        17: ldc_w         #519                // String now:
        20: invokevirtual #523                // Method java/util/StringJoiner.add:(Ljava/lang/CharSequence;)Ljava/util/StringJoiner;
        23: aload_1
        24: invokeinterface #526,  1          // InterfaceMethod reactor/netty/internal/shaded/reactor/pool/InstrumentedPool$PoolMetrics.acquiredSize:()I
        29: invokestatic  #529                // Method java/lang/String.valueOf:(I)Ljava/lang/String;
        32: invokevirtual #523                // Method java/util/StringJoiner.add:(Ljava/lang/CharSequence;)Ljava/util/StringJoiner;
        35: ldc_w         #531                // String active connections,
        38: invokevirtual #523                // Method java/util/StringJoiner.add:(Ljava/lang/CharSequence;)Ljava/util/StringJoiner;
        41: aload_1
        42: invokeinterface #534,  1          // InterfaceMethod reactor/netty/internal/shaded/reactor/pool/InstrumentedPool$PoolMetrics.idleSize:()I
        47: invokestatic  #529                // Method java/lang/String.valueOf:(I)Ljava/lang/String;
        50: invokevirtual #523                // Method java/util/StringJoiner.add:(Ljava/lang/CharSequence;)Ljava/util/StringJoiner;
        53: ldc_w         #536                // String inactive connections
        56: invokevirtual #523                // Method java/util/StringJoiner.add:(Ljava/lang/CharSequence;)Ljava/util/StringJoiner;
        59: aload_1
        60: invokeinterface #539,  1          // InterfaceMethod reactor/netty/internal/shaded/reactor/pool/InstrumentedPool$PoolMetrics.pendingAcquireSize:()I
        65: invokestatic  #529                // Method java/lang/String.valueOf:(I)Ljava/lang/String;
        68: invokevirtual #523                // Method java/util/StringJoiner.add:(Ljava/lang/CharSequence;)Ljava/util/StringJoiner;
        71: ldc_w         #541                // String pending acquire requests.
        74: invokevirtual #523                // Method java/util/StringJoiner.add:(Ljava/lang/CharSequence;)Ljava/util/StringJoiner;
        77: invokevirtual #542                // Method java/util/StringJoiner.toString:()Ljava/lang/String;
        80: areturn

  final void scheduleInactivePoolsDisposal();
    Code:
         0: aload_0
         1: getfield      #111                // Field inactivePoolDisposeInterval:Ljava/time/Duration;
         4: invokevirtual #547                // Method java/time/Duration.isZero:()Z
         7: ifne          35
        10: invokestatic  #553                // Method reactor/core/scheduler/Schedulers.parallel:()Lreactor/core/scheduler/Scheduler;
        13: aload_0
        14: invokedynamic #560,  0            // InvokeDynamic #6:run:(Lreactor/netty/resources/PooledConnectionProvider;)Ljava/lang/Runnable;
        19: aload_0
        20: getfield      #111                // Field inactivePoolDisposeInterval:Ljava/time/Duration;
        23: invokevirtual #564                // Method java/time/Duration.toMillis:()J
        26: getstatic     #570                // Field java/util/concurrent/TimeUnit.MILLISECONDS:Ljava/util/concurrent/TimeUnit;
        29: invokeinterface #576,  5          // InterfaceMethod reactor/core/scheduler/Scheduler.schedule:(Ljava/lang/Runnable;JLjava/util/concurrent/TimeUnit;)Lreactor/core/Disposable;
        34: pop
        35: return

  final void disposeInactivePoolsInBackground();
    Code:
         0: aload_0
         1: getfield      #94                 // Field channelPools:Ljava/util/concurrent/ConcurrentMap;
         4: invokeinterface #313,  1          // InterfaceMethod java/util/concurrent/ConcurrentMap.isEmpty:()Z
         9: ifne          61
        12: aload_0
        13: getfield      #94                 // Field channelPools:Ljava/util/concurrent/ConcurrentMap;
        16: invokeinterface #255,  1          // InterfaceMethod java/util/concurrent/ConcurrentMap.entrySet:()Ljava/util/Set;
        21: invokeinterface #259,  1          // InterfaceMethod java/util/Set.stream:()Ljava/util/stream/Stream;
        26: aload_0
        27: invokedynamic #583,  0            // InvokeDynamic #7:test:(Lreactor/netty/resources/PooledConnectionProvider;)Ljava/util/function/Predicate;
        32: invokeinterface #278,  2          // InterfaceMethod java/util/stream/Stream.filter:(Ljava/util/function/Predicate;)Ljava/util/stream/Stream;
        37: invokestatic  #284                // Method java/util/stream/Collectors.toList:()Ljava/util/stream/Collector;
        40: invokeinterface #288,  2          // InterfaceMethod java/util/stream/Stream.collect:(Ljava/util/stream/Collector;)Ljava/lang/Object;
        45: checkcast     #290                // class java/util/List
        48: astore_1
        49: aload_1
        50: aload_0
        51: invokedynamic #590,  0            // InvokeDynamic #8:accept:(Lreactor/netty/resources/PooledConnectionProvider;)Ljava/util/function/Consumer;
        56: invokeinterface #304,  2          // InterfaceMethod java/util/List.forEach:(Ljava/util/function/Consumer;)V
        61: aload_0
        62: invokevirtual #182                // Method scheduleInactivePoolsDisposal:()V
        65: return

  private void lambda$disposeInactivePoolsInBackground$13(java.util.Map$Entry);
    Code:
         0: aload_0
         1: getfield      #94                 // Field channelPools:Ljava/util/concurrent/ConcurrentMap;
         4: aload_1
         5: invokeinterface #153,  1          // InterfaceMethod java/util/Map$Entry.getKey:()Ljava/lang/Object;
        10: aload_1
        11: invokeinterface #156,  1          // InterfaceMethod java/util/Map$Entry.getValue:()Ljava/lang/Object;
        16: invokeinterface #593,  3          // InterfaceMethod java/util/concurrent/ConcurrentMap.remove:(Ljava/lang/Object;Ljava/lang/Object;)Z
        21: ifeq          159
        24: getstatic     #486                // Field log:Lreactor/util/Logger;
        27: invokeinterface #596,  1          // InterfaceMethod reactor/util/Logger.isDebugEnabled:()Z
        32: ifeq          72
        35: getstatic     #486                // Field log:Lreactor/util/Logger;
        38: ldc_w         #598                // String ConnectionProvider[name={}]: Disposing inactive pool for [{}]
        41: iconst_2
        42: anewarray     #5                  // class java/lang/Object
        45: dup
        46: iconst_0
        47: aload_0
        48: getfield      #108                // Field name:Ljava/lang/String;
        51: aastore
        52: dup
        53: iconst_1
        54: aload_1
        55: invokeinterface #153,  1          // InterfaceMethod java/util/Map$Entry.getKey:()Ljava/lang/Object;
        60: checkcast     #10                 // class reactor/netty/resources/PooledConnectionProvider$PoolKey
        63: getfield      #601                // Field reactor/netty/resources/PooledConnectionProvider$PoolKey.holder:Ljava/net/SocketAddress;
        66: aastore
        67: invokeinterface #604,  3          // InterfaceMethod reactor/util/Logger.debug:(Ljava/lang/String;[Ljava/lang/Object;)V
        72: aload_1
        73: invokeinterface #153,  1          // InterfaceMethod java/util/Map$Entry.getKey:()Ljava/lang/Object;
        78: checkcast     #10                 // class reactor/netty/resources/PooledConnectionProvider$PoolKey
        81: getfield      #601                // Field reactor/netty/resources/PooledConnectionProvider$PoolKey.holder:Ljava/net/SocketAddress;
        84: astore_2
        85: new           #470                // class java/lang/StringBuilder
        88: dup
        89: invokespecial #471                // Method java/lang/StringBuilder."<init>":()V
        92: aload_1
        93: invokeinterface #153,  1          // InterfaceMethod java/util/Map$Entry.getKey:()Ljava/lang/Object;
        98: checkcast     #10                 // class reactor/netty/resources/PooledConnectionProvider$PoolKey
       101: invokevirtual #607                // Method reactor/netty/resources/PooledConnectionProvider$PoolKey.hashCode:()I
       104: invokevirtual #610                // Method java/lang/StringBuilder.append:(I)Ljava/lang/StringBuilder;
       107: ldc_w         #612                // String
       110: invokevirtual #475                // Method java/lang/StringBuilder.append:(Ljava/lang/String;)Ljava/lang/StringBuilder;
       113: invokevirtual #484                // Method java/lang/StringBuilder.toString:()Ljava/lang/String;
       116: astore_3
       117: aload_0
       118: aload_2
       119: invokevirtual #614                // Method poolFactory:(Ljava/net/SocketAddress;)Lreactor/netty/resources/PooledConnectionProvider$PoolFactory;
       122: astore        4
       124: aload_1
       125: invokeinterface #156,  1          // InterfaceMethod java/util/Map$Entry.getValue:()Ljava/lang/Object;
       130: checkcast     #32                 // class reactor/netty/internal/shaded/reactor/pool/InstrumentedPool
       133: invokeinterface #616,  1          // InterfaceMethod reactor/netty/internal/shaded/reactor/pool/InstrumentedPool.disposeLater:()Lreactor/core/publisher/Mono;
       138: aload_0
       139: aload         4
       141: aload_3
       142: aload_2
       143: aload_1
       144: invokedynamic #624,  0            // InvokeDynamic #9:run:(Lreactor/netty/resources/PooledConnectionProvider;Lreactor/netty/resources/PooledConnectionProvider$PoolFactory;Ljava/lang/String;Ljava/net/SocketAddress;Ljava/util/Map$Entry;)Ljava/lang/Runnable;
       149: invokestatic  #421                // Method reactor/core/publisher/Mono.fromRunnable:(Ljava/lang/Runnable;)Lreactor/core/publisher/Mono;
       152: invokevirtual #628                // Method reactor/core/publisher/Mono.then:(Lreactor/core/publisher/Mono;)Lreactor/core/publisher/Mono;
       155: invokevirtual #632                // Method reactor/core/publisher/Mono.subscribe:()Lreactor/core/Disposable;
       158: pop
       159: return

  private void lambda$null$12(reactor.netty.resources.PooledConnectionProvider$PoolFactory, java.lang.String, java.net.SocketAddress, java.util.Map$Entry);
    Code:
         0: aload_1
         1: getfield      #635                // Field reactor/netty/resources/PooledConnectionProvider$PoolFactory.registrar:Ljava/util/function/Supplier;
         4: ifnull        33
         7: aload_1
         8: getfield      #635                // Field reactor/netty/resources/PooledConnectionProvider$PoolFactory.registrar:Ljava/util/function/Supplier;
        11: invokeinterface #639,  1          // InterfaceMethod java/util/function/Supplier.get:()Ljava/lang/Object;
        16: checkcast     #35                 // class reactor/netty/resources/ConnectionProvider$MeterRegistrar
        19: aload_0
        20: getfield      #108                // Field name:Ljava/lang/String;
        23: aload_2
        24: aload_3
        25: invokeinterface #640,  4          // InterfaceMethod reactor/netty/resources/ConnectionProvider$MeterRegistrar.deRegisterMetrics:(Ljava/lang/String;Ljava/lang/String;Ljava/net/SocketAddress;)V
        30: goto          85
        33: invokestatic  #645                // Method reactor/netty/internal/util/Metrics.isMicrometerAvailable:()Z
        36: ifeq          85
        39: aload_0
        40: aload_2
        41: aload_3
        42: invokevirtual #647                // Method deRegisterDefaultMetrics:(Ljava/lang/String;Ljava/net/SocketAddress;)V
        45: aload         4
        47: invokeinterface #156,  1          // InterfaceMethod java/util/Map$Entry.getValue:()Ljava/lang/Object;
        52: checkcast     #32                 // class reactor/netty/internal/shaded/reactor/pool/InstrumentedPool
        55: invokeinterface #650,  1          // InterfaceMethod reactor/netty/internal/shaded/reactor/pool/InstrumentedPool.config:()Lreactor/netty/internal/shaded/reactor/pool/PoolConfig;
        60: invokeinterface #656,  1          // InterfaceMethod reactor/netty/internal/shaded/reactor/pool/PoolConfig.metricsRecorder:()Lreactor/netty/internal/shaded/reactor/pool/PoolMetricsRecorder;
        65: astore        5
        67: aload         5
        69: instanceof    #322                // class reactor/core/Disposable
        72: ifeq          85
        75: aload         5
        77: checkcast     #322                // class reactor/core/Disposable
        80: invokeinterface #659,  1          // InterfaceMethod reactor/core/Disposable.dispose:()V
        85: return

  private boolean lambda$disposeInactivePoolsInBackground$11(java.util.Map$Entry);
    Code:
         0: aload_1
         1: invokeinterface #156,  1          // InterfaceMethod java/util/Map$Entry.getValue:()Ljava/lang/Object;
         6: checkcast     #32                 // class reactor/netty/internal/shaded/reactor/pool/InstrumentedPool
         9: invokeinterface #510,  1          // InterfaceMethod reactor/netty/internal/shaded/reactor/pool/InstrumentedPool.metrics:()Lreactor/netty/internal/shaded/reactor/pool/InstrumentedPool$PoolMetrics;
        14: aload_0
        15: getfield      #114                // Field poolInactivity:Ljava/time/Duration;
        18: invokeinterface #663,  2          // InterfaceMethod reactor/netty/internal/shaded/reactor/pool/InstrumentedPool$PoolMetrics.isInactiveForMoreThan:(Ljava/time/Duration;)Z
        23: ireturn

  private void lambda$deRegisterDefaultMetrics$10(java.util.function.Supplier, java.lang.String, java.net.SocketAddress, reactor.netty.internal.shaded.reactor.pool.PoolMetricsRecorder);
    Code:
         0: aload_1
         1: ifnull        27
         4: aload_1
         5: invokeinterface #639,  1          // InterfaceMethod java/util/function/Supplier.get:()Ljava/lang/Object;
        10: checkcast     #35                 // class reactor/netty/resources/ConnectionProvider$MeterRegistrar
        13: aload_0
        14: getfield      #108                // Field name:Ljava/lang/String;
        17: aload_2
        18: aload_3
        19: invokeinterface #640,  4          // InterfaceMethod reactor/netty/resources/ConnectionProvider$MeterRegistrar.deRegisterMetrics:(Ljava/lang/String;Ljava/lang/String;Ljava/net/SocketAddress;)V
        24: goto          57
        27: invokestatic  #645                // Method reactor/netty/internal/util/Metrics.isMicrometerAvailable:()Z
        30: ifeq          57
        33: aload_0
        34: aload_2
        35: aload_3
        36: invokevirtual #647                // Method deRegisterDefaultMetrics:(Ljava/lang/String;Ljava/net/SocketAddress;)V
        39: aload         4
        41: instanceof    #322                // class reactor/core/Disposable
        44: ifeq          57
        47: aload         4
        49: checkcast     #322                // class reactor/core/Disposable
        52: invokeinterface #659,  1          // InterfaceMethod reactor/core/Disposable.dispose:()V
        57: return

  private void lambda$disposeWhen$9(java.net.SocketAddress, java.util.Map$Entry);
    Code:
         0: aload_0
         1: getfield      #94                 // Field channelPools:Ljava/util/concurrent/ConcurrentMap;
         4: aload_2
         5: invokeinterface #153,  1          // InterfaceMethod java/util/Map$Entry.getKey:()Ljava/lang/Object;
        10: aload_2
        11: invokeinterface #156,  1          // InterfaceMethod java/util/Map$Entry.getValue:()Ljava/lang/Object;
        16: invokeinterface #593,  3          // InterfaceMethod java/util/concurrent/ConcurrentMap.remove:(Ljava/lang/Object;Ljava/lang/Object;)Z
        21: ifeq          146
        24: getstatic     #486                // Field log:Lreactor/util/Logger;
        27: invokeinterface #596,  1          // InterfaceMethod reactor/util/Logger.isDebugEnabled:()Z
        32: ifeq          72
        35: getstatic     #486                // Field log:Lreactor/util/Logger;
        38: ldc_w         #666                // String ConnectionProvider[name={}]: Disposing pool for [{}]
        41: iconst_2
        42: anewarray     #5                  // class java/lang/Object
        45: dup
        46: iconst_0
        47: aload_0
        48: getfield      #108                // Field name:Ljava/lang/String;
        51: aastore
        52: dup
        53: iconst_1
        54: aload_2
        55: invokeinterface #153,  1          // InterfaceMethod java/util/Map$Entry.getKey:()Ljava/lang/Object;
        60: checkcast     #10                 // class reactor/netty/resources/PooledConnectionProvider$PoolKey
        63: getfield      #601                // Field reactor/netty/resources/PooledConnectionProvider$PoolKey.holder:Ljava/net/SocketAddress;
        66: aastore
        67: invokeinterface #604,  3          // InterfaceMethod reactor/util/Logger.debug:(Ljava/lang/String;[Ljava/lang/Object;)V
        72: new           #470                // class java/lang/StringBuilder
        75: dup
        76: invokespecial #471                // Method java/lang/StringBuilder."<init>":()V
        79: aload_2
        80: invokeinterface #153,  1          // InterfaceMethod java/util/Map$Entry.getKey:()Ljava/lang/Object;
        85: checkcast     #10                 // class reactor/netty/resources/PooledConnectionProvider$PoolKey
        88: invokevirtual #607                // Method reactor/netty/resources/PooledConnectionProvider$PoolKey.hashCode:()I
        91: invokevirtual #610                // Method java/lang/StringBuilder.append:(I)Ljava/lang/StringBuilder;
        94: ldc_w         #612                // String
        97: invokevirtual #475                // Method java/lang/StringBuilder.append:(Ljava/lang/String;)Ljava/lang/StringBuilder;
       100: invokevirtual #484                // Method java/lang/StringBuilder.toString:()Ljava/lang/String;
       103: astore_3
       104: aload_0
       105: aload_1
       106: invokevirtual #614                // Method poolFactory:(Ljava/net/SocketAddress;)Lreactor/netty/resources/PooledConnectionProvider$PoolFactory;
       109: astore        4
       111: aload_2
       112: invokeinterface #156,  1          // InterfaceMethod java/util/Map$Entry.getValue:()Ljava/lang/Object;
       117: checkcast     #32                 // class reactor/netty/internal/shaded/reactor/pool/InstrumentedPool
       120: invokeinterface #616,  1          // InterfaceMethod reactor/netty/internal/shaded/reactor/pool/InstrumentedPool.disposeLater:()Lreactor/core/publisher/Mono;
       125: aload_0
       126: aload         4
       128: aload_3
       129: aload_1
       130: aload_2
       131: invokedynamic #671,  0            // InvokeDynamic #10:run:(Lreactor/netty/resources/PooledConnectionProvider;Lreactor/netty/resources/PooledConnectionProvider$PoolFactory;Ljava/lang/String;Ljava/net/SocketAddress;Ljava/util/Map$Entry;)Ljava/lang/Runnable;
       136: invokestatic  #421                // Method reactor/core/publisher/Mono.fromRunnable:(Ljava/lang/Runnable;)Lreactor/core/publisher/Mono;
       139: invokevirtual #628                // Method reactor/core/publisher/Mono.then:(Lreactor/core/publisher/Mono;)Lreactor/core/publisher/Mono;
       142: invokevirtual #632                // Method reactor/core/publisher/Mono.subscribe:()Lreactor/core/Disposable;
       145: pop
       146: return

  private void lambda$null$8(reactor.netty.resources.PooledConnectionProvider$PoolFactory, java.lang.String, java.net.SocketAddress, java.util.Map$Entry);
    Code:
         0: aload_1
         1: getfield      #635                // Field reactor/netty/resources/PooledConnectionProvider$PoolFactory.registrar:Ljava/util/function/Supplier;
         4: ifnull        33
         7: aload_1
         8: getfield      #635                // Field reactor/netty/resources/PooledConnectionProvider$PoolFactory.registrar:Ljava/util/function/Supplier;
        11: invokeinterface #639,  1          // InterfaceMethod java/util/function/Supplier.get:()Ljava/lang/Object;
        16: checkcast     #35                 // class reactor/netty/resources/ConnectionProvider$MeterRegistrar
        19: aload_0
        20: getfield      #108                // Field name:Ljava/lang/String;
        23: aload_2
        24: aload_3
        25: invokeinterface #640,  4          // InterfaceMethod reactor/netty/resources/ConnectionProvider$MeterRegistrar.deRegisterMetrics:(Ljava/lang/String;Ljava/lang/String;Ljava/net/SocketAddress;)V
        30: goto          85
        33: invokestatic  #645                // Method reactor/netty/internal/util/Metrics.isMicrometerAvailable:()Z
        36: ifeq          85
        39: aload_0
        40: aload_2
        41: aload_3
        42: invokevirtual #647                // Method deRegisterDefaultMetrics:(Ljava/lang/String;Ljava/net/SocketAddress;)V
        45: aload         4
        47: invokeinterface #156,  1          // InterfaceMethod java/util/Map$Entry.getValue:()Ljava/lang/Object;
        52: checkcast     #32                 // class reactor/netty/internal/shaded/reactor/pool/InstrumentedPool
        55: invokeinterface #650,  1          // InterfaceMethod reactor/netty/internal/shaded/reactor/pool/InstrumentedPool.config:()Lreactor/netty/internal/shaded/reactor/pool/PoolConfig;
        60: invokeinterface #656,  1          // InterfaceMethod reactor/netty/internal/shaded/reactor/pool/PoolConfig.metricsRecorder:()Lreactor/netty/internal/shaded/reactor/pool/PoolMetricsRecorder;
        65: astore        5
        67: aload         5
        69: instanceof    #322                // class reactor/core/Disposable
        72: ifeq          85
        75: aload         5
        77: checkcast     #322                // class reactor/core/Disposable
        80: invokeinterface #659,  1          // InterfaceMethod reactor/core/Disposable.dispose:()V
        85: return

  private static boolean lambda$disposeWhen$7(java.net.SocketAddress, java.util.Map$Entry);
    Code:
         0: aload_1
         1: invokeinterface #153,  1          // InterfaceMethod java/util/Map$Entry.getKey:()Ljava/lang/Object;
         6: checkcast     #10                 // class reactor/netty/resources/PooledConnectionProvider$PoolKey
         9: getfield      #601                // Field reactor/netty/resources/PooledConnectionProvider$PoolKey.holder:Ljava/net/SocketAddress;
        12: aload_0
        13: invokestatic  #673                // Method compareAddresses:(Ljava/net/SocketAddress;Ljava/net/SocketAddress;)Z
        16: ireturn

  private reactor.core.publisher.Mono lambda$disposeLater$6();
    Code:
         0: aload_0
         1: getfield      #94                 // Field channelPools:Ljava/util/concurrent/ConcurrentMap;
         4: invokeinterface #255,  1          // InterfaceMethod java/util/concurrent/ConcurrentMap.entrySet:()Ljava/util/Set;
         9: invokeinterface #259,  1          // InterfaceMethod java/util/Set.stream:()Ljava/util/stream/Stream;
        14: aload_0
        15: invokedynamic #685,  0            // InvokeDynamic #11:apply:(Lreactor/netty/resources/PooledConnectionProvider;)Ljava/util/function/Function;
        20: invokeinterface #689,  2          // InterfaceMethod java/util/stream/Stream.map:(Ljava/util/function/Function;)Ljava/util/stream/Stream;
        25: invokestatic  #284                // Method java/util/stream/Collectors.toList:()Ljava/util/stream/Collector;
        28: invokeinterface #288,  2          // InterfaceMethod java/util/stream/Stream.collect:(Ljava/util/stream/Collector;)Ljava/lang/Object;
        33: checkcast     #290                // class java/util/List
        36: astore_1
        37: aload_1
        38: invokeinterface #690,  1          // InterfaceMethod java/util/List.isEmpty:()Z
        43: ifeq          51
        46: aload_0
        47: getfield      #179                // Field onDispose:Lreactor/core/publisher/Mono;
        50: areturn
        51: aload_0
        52: getfield      #94                 // Field channelPools:Ljava/util/concurrent/ConcurrentMap;
        55: invokeinterface #693,  1          // InterfaceMethod java/util/concurrent/ConcurrentMap.clear:()V
        60: aload_0
        61: getfield      #179                // Field onDispose:Lreactor/core/publisher/Mono;
        64: aload_1
        65: invokestatic  #697                // Method reactor/core/publisher/Mono.when:(Ljava/lang/Iterable;)Lreactor/core/publisher/Mono;
        68: invokevirtual #350                // Method reactor/core/publisher/Mono.and:(Lorg/reactivestreams/Publisher;)Lreactor/core/publisher/Mono;
        71: areturn

  private reactor.core.publisher.Mono lambda$null$5(java.util.Map$Entry);
    Code:
         0: aload_1
         1: invokeinterface #156,  1          // InterfaceMethod java/util/Map$Entry.getValue:()Ljava/lang/Object;
         6: checkcast     #701                // class reactor/netty/internal/shaded/reactor/pool/Pool
         9: astore_2
        10: aload_1
        11: invokeinterface #153,  1          // InterfaceMethod java/util/Map$Entry.getKey:()Ljava/lang/Object;
        16: checkcast     #10                 // class reactor/netty/resources/PooledConnectionProvider$PoolKey
        19: getfield      #601                // Field reactor/netty/resources/PooledConnectionProvider$PoolKey.holder:Ljava/net/SocketAddress;
        22: astore_3
        23: new           #470                // class java/lang/StringBuilder
        26: dup
        27: invokespecial #471                // Method java/lang/StringBuilder."<init>":()V
        30: aload_1
        31: invokeinterface #153,  1          // InterfaceMethod java/util/Map$Entry.getKey:()Ljava/lang/Object;
        36: checkcast     #10                 // class reactor/netty/resources/PooledConnectionProvider$PoolKey
        39: invokevirtual #607                // Method reactor/netty/resources/PooledConnectionProvider$PoolKey.hashCode:()I
        42: invokevirtual #610                // Method java/lang/StringBuilder.append:(I)Ljava/lang/StringBuilder;
        45: ldc_w         #612                // String
        48: invokevirtual #475                // Method java/lang/StringBuilder.append:(Ljava/lang/String;)Ljava/lang/StringBuilder;
        51: invokevirtual #484                // Method java/lang/StringBuilder.toString:()Ljava/lang/String;
        54: astore        4
        56: aload_0
        57: aload_3
        58: invokevirtual #614                // Method poolFactory:(Ljava/net/SocketAddress;)Lreactor/netty/resources/PooledConnectionProvider$PoolFactory;
        61: astore        5
        63: aload_2
        64: instanceof    #703                // class reactor/netty/internal/shaded/reactor/pool/decorators/GracefulShutdownInstrumentedPool
        67: ifeq          124
        70: aload_2
        71: checkcast     #703                // class reactor/netty/internal/shaded/reactor/pool/decorators/GracefulShutdownInstrumentedPool
        74: aload_0
        75: getfield      #117                // Field disposeTimeout:Ljava/time/Duration;
        78: invokevirtual #707                // Method reactor/netty/internal/shaded/reactor/pool/decorators/GracefulShutdownInstrumentedPool.disposeGracefully:(Ljava/time/Duration;)Lreactor/core/publisher/Mono;
        81: aload_0
        82: aload         4
        84: aload_2
        85: invokeinterface #708,  1          // InterfaceMethod reactor/netty/internal/shaded/reactor/pool/Pool.config:()Lreactor/netty/internal/shaded/reactor/pool/PoolConfig;
        90: invokeinterface #656,  1          // InterfaceMethod reactor/netty/internal/shaded/reactor/pool/PoolConfig.metricsRecorder:()Lreactor/netty/internal/shaded/reactor/pool/PoolMetricsRecorder;
        95: aload         5
        97: getfield      #635                // Field reactor/netty/resources/PooledConnectionProvider$PoolFactory.registrar:Ljava/util/function/Supplier;
       100: aload_3
       101: invokevirtual #710                // Method deRegisterDefaultMetrics:(Ljava/lang/String;Lreactor/netty/internal/shaded/reactor/pool/PoolMetricsRecorder;Ljava/util/function/Supplier;Ljava/net/SocketAddress;)Lreactor/core/publisher/Mono;
       104: invokevirtual #628                // Method reactor/core/publisher/Mono.then:(Lreactor/core/publisher/Mono;)Lreactor/core/publisher/Mono;
       107: aload_0
       108: aload_1
       109: aload         4
       111: aload_2
       112: aload         5
       114: aload_3
       115: invokedynamic #720,  0            // InvokeDynamic #12:apply:(Lreactor/netty/resources/PooledConnectionProvider;Ljava/util/Map$Entry;Ljava/lang/String;Lreactor/netty/internal/shaded/reactor/pool/Pool;Lreactor/netty/resources/PooledConnectionProvider$PoolFactory;Ljava/net/SocketAddress;)Ljava/util/function/Function;
       120: invokevirtual #724                // Method reactor/core/publisher/Mono.onErrorResume:(Ljava/util/function/Function;)Lreactor/core/publisher/Mono;
       123: areturn
       124: aload_2
       125: invokeinterface #727,  1          // InterfaceMethod reactor/netty/internal/shaded/reactor/pool/Pool.disposeLater:()Lreactor/core/publisher/Mono;
       130: aload_0
       131: aload         4
       133: aload_2
       134: invokeinterface #708,  1          // InterfaceMethod reactor/netty/internal/shaded/reactor/pool/Pool.config:()Lreactor/netty/internal/shaded/reactor/pool/PoolConfig;
       139: invokeinterface #656,  1          // InterfaceMethod reactor/netty/internal/shaded/reactor/pool/PoolConfig.metricsRecorder:()Lreactor/netty/internal/shaded/reactor/pool/PoolMetricsRecorder;
       144: aload         5
       146: getfield      #635                // Field reactor/netty/resources/PooledConnectionProvider$PoolFactory.registrar:Ljava/util/function/Supplier;
       149: aload_3
       150: invokevirtual #710                // Method deRegisterDefaultMetrics:(Ljava/lang/String;Lreactor/netty/internal/shaded/reactor/pool/PoolMetricsRecorder;Ljava/util/function/Supplier;Ljava/net/SocketAddress;)Lreactor/core/publisher/Mono;
       153: invokevirtual #628                // Method reactor/core/publisher/Mono.then:(Lreactor/core/publisher/Mono;)Lreactor/core/publisher/Mono;
       156: areturn

  private reactor.core.publisher.Mono lambda$null$4(java.util.Map$Entry, java.lang.String, reactor.netty.internal.shaded.reactor.pool.Pool, reactor.netty.resources.PooledConnectionProvider$PoolFactory, java.net.SocketAddress, java.lang.Throwable);
    Code:
         0: getstatic     #486                // Field log:Lreactor/util/Logger;
         3: ldc_w         #731                // String Connection pool for [{}] didn\'t shut down gracefully
         6: iconst_2
         7: anewarray     #5                  // class java/lang/Object
        10: dup
        11: iconst_0
        12: aload_1
        13: invokeinterface #153,  1          // InterfaceMethod java/util/Map$Entry.getKey:()Ljava/lang/Object;
        18: aastore
        19: dup
        20: iconst_1
        21: aload         6
        23: aastore
        24: invokeinterface #734,  3          // InterfaceMethod reactor/util/Logger.error:(Ljava/lang/String;[Ljava/lang/Object;)V
        29: aload_0
        30: aload_2
        31: aload_3
        32: invokeinterface #708,  1          // InterfaceMethod reactor/netty/internal/shaded/reactor/pool/Pool.config:()Lreactor/netty/internal/shaded/reactor/pool/PoolConfig;
        37: invokeinterface #656,  1          // InterfaceMethod reactor/netty/internal/shaded/reactor/pool/PoolConfig.metricsRecorder:()Lreactor/netty/internal/shaded/reactor/pool/PoolMetricsRecorder;
        42: aload         4
        44: getfield      #635                // Field reactor/netty/resources/PooledConnectionProvider$PoolFactory.registrar:Ljava/util/function/Supplier;
        47: aload         5
        49: invokevirtual #710                // Method deRegisterDefaultMetrics:(Ljava/lang/String;Lreactor/netty/internal/shaded/reactor/pool/PoolMetricsRecorder;Ljava/util/function/Supplier;Ljava/net/SocketAddress;)Lreactor/core/publisher/Mono;
        52: areturn

  private void lambda$acquire$3(java.util.function.Supplier, reactor.netty.transport.TransportConfig, io.netty.resolver.AddressResolverGroup, reactor.netty.ConnectionObserver, reactor.core.publisher.MonoSink);
    Code:
         0: aload_1
         1: invokeinterface #639,  1          // InterfaceMethod java/util/function/Supplier.get:()Ljava/lang/Object;
         6: ldc_w         #736                // String Remote Address supplier returned null
         9: invokestatic  #198                // Method java/util/Objects.requireNonNull:(Ljava/lang/Object;Ljava/lang/String;)Ljava/lang/Object;
        12: checkcast     #726                // class java/net/SocketAddress
        15: astore        6
        17: new           #10                 // class reactor/netty/resources/PooledConnectionProvider$PoolKey
        20: dup
        21: aload         6
        23: aload_2
        24: invokevirtual #741                // Method reactor/netty/transport/TransportConfig.channelHash:()I
        27: invokespecial #744                // Method reactor/netty/resources/PooledConnectionProvider$PoolKey."<init>":(Ljava/net/SocketAddress;I)V
        30: astore        7
        32: aload_0
        33: aload         6
        35: invokevirtual #614                // Method poolFactory:(Ljava/net/SocketAddress;)Lreactor/netty/resources/PooledConnectionProvider$PoolFactory;
        38: astore        8
        40: aload_0
        41: getfield      #94                 // Field channelPools:Ljava/util/concurrent/ConcurrentMap;
        44: aload         7
        46: aload_0
        47: aload         8
        49: aload         6
        51: aload_2
        52: aload_3
        53: invokedynamic #754,  0            // InvokeDynamic #13:apply:(Lreactor/netty/resources/PooledConnectionProvider;Lreactor/netty/resources/PooledConnectionProvider$PoolFactory;Ljava/net/SocketAddress;Lreactor/netty/transport/TransportConfig;Lio/netty/resolver/AddressResolverGroup;)Ljava/util/function/Function;
        58: invokestatic  #760                // Method reactor/netty/internal/util/MapUtils.computeIfAbsent:(Ljava/util/Map;Ljava/lang/Object;Ljava/util/function/Function;)Ljava/lang/Object;
        61: checkcast     #32                 // class reactor/netty/internal/shaded/reactor/pool/InstrumentedPool
        64: astore        9
        66: aload         5
        68: invokeinterface #766,  1          // InterfaceMethod reactor/core/publisher/MonoSink.contextView:()Lreactor/util/context/ContextView;
        73: ldc           #45                 // String callereventloop
        75: invokeinterface #771,  2          // InterfaceMethod reactor/util/context/ContextView.hasKey:(Ljava/lang/Object;)Z
        80: ifeq          105
        83: aload         5
        85: invokeinterface #766,  1          // InterfaceMethod reactor/core/publisher/MonoSink.contextView:()Lreactor/util/context/ContextView;
        90: ldc           #45                 // String callereventloop
        92: invokeinterface #773,  2          // InterfaceMethod reactor/util/context/ContextView.get:(Ljava/lang/Object;)Ljava/lang/Object;
        97: checkcast     #775                // class io/netty/channel/EventLoop
       100: astore        10
       102: goto          144
       105: aload_2
       106: invokevirtual #783                // Method reactor/netty/transport/TransportConfig.loopResources:()Lreactor/netty/resources/LoopResources;
       109: aload_2
       110: invokevirtual #786                // Method reactor/netty/transport/TransportConfig.isPreferNative:()Z
       113: invokeinterface #792,  2          // InterfaceMethod reactor/netty/resources/LoopResources.onClient:(Z)Lio/netty/channel/EventLoopGroup;
       118: astore        11
       120: aload         11
       122: instanceof    #794                // class reactor/netty/resources/ColocatedEventLoopGroup
       125: ifeq          141
       128: aload         11
       130: checkcast     #794                // class reactor/netty/resources/ColocatedEventLoopGroup
       133: invokevirtual #798                // Method reactor/netty/resources/ColocatedEventLoopGroup.nextInternal:()Lio/netty/channel/EventLoop;
       136: astore        10
       138: goto          144
       141: aconst_null
       142: astore        10
       144: aload         9
       146: aload         8
       148: getfield      #802                // Field reactor/netty/resources/PooledConnectionProvider$PoolFactory.pendingAcquireTimeout:J
       151: invokestatic  #806                // Method java/time/Duration.ofMillis:(J)Ljava/time/Duration;
       154: invokeinterface #808,  2          // InterfaceMethod reactor/netty/internal/shaded/reactor/pool/InstrumentedPool.acquire:(Ljava/time/Duration;)Lreactor/core/publisher/Mono;
       159: astore        11
       161: aload         10
       163: ifnull        180
       166: aload         11
       168: aload         10
       170: invokedynamic #818,  0            // InvokeDynamic #14:apply:(Lio/netty/channel/EventLoop;)Ljava/util/function/Function;
       175: invokevirtual #821                // Method reactor/core/publisher/Mono.contextWrite:(Ljava/util/function/Function;)Lreactor/core/publisher/Mono;
       178: astore        11
       180: aload         5
       182: invokeinterface #766,  1          // InterfaceMethod reactor/core/publisher/MonoSink.contextView:()Lreactor/util/context/ContextView;
       187: invokestatic  #827                // InterfaceMethod reactor/util/context/Context.of:(Lreactor/util/context/ContextView;)Lreactor/util/context/Context;
       190: astore        12
       192: aload         8
       194: getfield      #831                // Field reactor/netty/resources/PooledConnectionProvider$PoolFactory.metricsEnabled:Z
       197: ifne          207
       200: aload_2
       201: invokevirtual #834                // Method reactor/netty/transport/TransportConfig.metricsRecorder:()Ljava/util/function/Supplier;
       204: ifnull        248
       207: invokestatic  #645                // Method reactor/netty/internal/util/Metrics.isMicrometerAvailable:()Z
       210: ifeq          248
       213: aload         12
       215: invokestatic  #840                // Method reactor/netty/Metrics.currentObservation:(Lreactor/util/context/ContextView;)Lio/micrometer/observation/Observation;
       218: astore        13
       220: aload         13
       222: ifnull        248
       225: aload         12
       227: aload         13
       229: invokestatic  #844                // Method reactor/netty/Metrics.updateContext:(Lreactor/util/context/Context;Ljava/lang/Object;)Lreactor/util/context/Context;
       232: astore        12
       234: aload         11
       236: aload         13
       238: invokedynamic #852,  0            // InvokeDynamic #15:apply:(Ljava/lang/Object;)Ljava/util/function/Function;
       243: invokevirtual #821                // Method reactor/core/publisher/Mono.contextWrite:(Ljava/util/function/Function;)Lreactor/core/publisher/Mono;
       246: astore        11
       248: aload         11
       250: aload_0
       251: aload_2
       252: aload         4
       254: aload         8
       256: getfield      #802                // Field reactor/netty/resources/PooledConnectionProvider$PoolFactory.pendingAcquireTimeout:J
       259: aload         9
       261: aload         6
       263: aload         5
       265: aload         12
       267: invokevirtual #854                // Method createDisposableAcquire:(Lreactor/netty/transport/TransportConfig;Lreactor/netty/ConnectionObserver;JLreactor/netty/internal/shaded/reactor/pool/InstrumentedPool;Ljava/net/SocketAddress;Lreactor/core/publisher/MonoSink;Lreactor/util/context/Context;)Lreactor/core/CoreSubscriber;
       270: invokevirtual #857                // Method reactor/core/publisher/Mono.subscribe:(Lreactor/core/CoreSubscriber;)V
       273: return

  private static reactor.util.context.Context lambda$null$2(java.lang.Object, reactor.util.context.Context);
    Code:
         0: aload_1
         1: aload_0
         2: invokestatic  #844                // Method reactor/netty/Metrics.updateContext:(Lreactor/util/context/Context;Ljava/lang/Object;)Lreactor/util/context/Context;
         5: areturn

  private static reactor.util.context.Context lambda$null$1(io.netty.channel.EventLoop, reactor.util.context.Context);
    Code:
         0: aload_1
         1: ldc           #45                 // String callereventloop
         3: aload_0
         4: invokeinterface #869,  3          // InterfaceMethod reactor/util/context/Context.put:(Ljava/lang/Object;Ljava/lang/Object;)Lreactor/util/context/Context;
         9: areturn

  private reactor.netty.internal.shaded.reactor.pool.InstrumentedPool lambda$null$0(reactor.netty.resources.PooledConnectionProvider$PoolFactory, java.net.SocketAddress, reactor.netty.transport.TransportConfig, io.netty.resolver.AddressResolverGroup, reactor.netty.resources.PooledConnectionProvider$PoolKey);
    Code:
         0: getstatic     #486                // Field log:Lreactor/util/Logger;
         3: invokeinterface #596,  1          // InterfaceMethod reactor/util/Logger.isDebugEnabled:()Z
         8: ifeq          41
        11: getstatic     #486                // Field log:Lreactor/util/Logger;
        14: ldc_w         #871                // String Creating a new [{}] client pool [{}] for [{}]
        17: iconst_3
        18: anewarray     #5                  // class java/lang/Object
        21: dup
        22: iconst_0
        23: aload_0
        24: getfield      #108                // Field name:Ljava/lang/String;
        27: aastore
        28: dup
        29: iconst_1
        30: aload_1
        31: aastore
        32: dup
        33: iconst_2
        34: aload_2
        35: aastore
        36: invokeinterface #604,  3          // InterfaceMethod reactor/util/Logger.debug:(Ljava/lang/String;[Ljava/lang/Object;)V
        41: getstatic     #486                // Field log:Lreactor/util/Logger;
        44: invokeinterface #874,  1          // InterfaceMethod reactor/util/Logger.isWarnEnabled:()Z
        49: ifeq          112
        52: aload_0
        53: getfield      #120                // Field maxConnectionPools:I
        56: iconst_m1
        57: if_icmple     112
        60: aload_0
        61: getfield      #101                // Field connectionPoolCount:Ljava/util/concurrent/atomic/AtomicInteger;
        64: invokevirtual #877                // Method java/util/concurrent/atomic/AtomicInteger.incrementAndGet:()I
        67: aload_0
        68: getfield      #120                // Field maxConnectionPools:I
        71: if_icmple     112
        74: getstatic     #486                // Field log:Lreactor/util/Logger;
        77: ldc_w         #879                // String Connection pool creation limit exceeded: {} pools created, maximum expected is {}
        80: iconst_2
        81: anewarray     #5                  // class java/lang/Object
        84: dup
        85: iconst_0
        86: aload_0
        87: getfield      #101                // Field connectionPoolCount:Ljava/util/concurrent/atomic/AtomicInteger;
        90: invokevirtual #881                // Method java/util/concurrent/atomic/AtomicInteger.get:()I
        93: invokestatic  #171                // Method java/lang/Integer.valueOf:(I)Ljava/lang/Integer;
        96: aastore
        97: dup
        98: iconst_1
        99: aload_0
       100: getfield      #120                // Field maxConnectionPools:I
       103: invokestatic  #171                // Method java/lang/Integer.valueOf:(I)Ljava/lang/Integer;
       106: aastore
       107: invokeinterface #884,  3          // InterfaceMethod reactor/util/Logger.warn:(Ljava/lang/String;[Ljava/lang/Object;)V
       112: aload_1
       113: getfield      #831                // Field reactor/netty/resources/PooledConnectionProvider$PoolFactory.metricsEnabled:Z
       116: ifne          126
       119: aload_3
       120: invokevirtual #834                // Method reactor/netty/transport/TransportConfig.metricsRecorder:()Ljava/util/function/Supplier;
       123: ifnull        130
       126: iconst_1
       127: goto          131
       130: iconst_0
       131: istore        6
       133: iload         6
       135: ifeq          165
       138: new           #470                // class java/lang/StringBuilder
       141: dup
       142: invokespecial #471                // Method java/lang/StringBuilder."<init>":()V
       145: aload         5
       147: invokevirtual #607                // Method reactor/netty/resources/PooledConnectionProvider$PoolKey.hashCode:()I
       150: invokevirtual #610                // Method java/lang/StringBuilder.append:(I)Ljava/lang/StringBuilder;
       153: ldc_w         #612                // String
       156: invokevirtual #475                // Method java/lang/StringBuilder.append:(Ljava/lang/String;)Ljava/lang/StringBuilder;
       159: invokevirtual #484                // Method java/lang/StringBuilder.toString:()Ljava/lang/String;
       162: goto          166
       165: aconst_null
       166: astore        7
       168: iload         6
       170: ifeq          200
       173: aload_1
       174: getfield      #635                // Field reactor/netty/resources/PooledConnectionProvider$PoolFactory.registrar:Ljava/util/function/Supplier;
       177: ifnonnull     200
       180: invokestatic  #645                // Method reactor/netty/internal/util/Metrics.isMicrometerAvailable:()Z
       183: ifeq          200
       186: aload_0
       187: aload         7
       189: aload_3
       190: aload_1
       191: aload_2
       192: aload         4
       194: invokevirtual #886                // Method createPool:(Ljava/lang/String;Lreactor/netty/transport/TransportConfig;Lreactor/netty/resources/PooledConnectionProvider$PoolFactory;Ljava/net/SocketAddress;Lio/netty/resolver/AddressResolverGroup;)Lreactor/netty/internal/shaded/reactor/pool/InstrumentedPool;
       197: goto          209
       200: aload_0
       201: aload_3
       202: aload_1
       203: aload_2
       204: aload         4
       206: invokevirtual #375                // Method createPool:(Lreactor/netty/transport/TransportConfig;Lreactor/netty/resources/PooledConnectionProvider$PoolFactory;Ljava/net/SocketAddress;Lio/netty/resolver/AddressResolverGroup;)Lreactor/netty/internal/shaded/reactor/pool/InstrumentedPool;
       209: astore        8
       211: iload         6
       213: ifeq          281
       216: aload_1
       217: getfield      #635                // Field reactor/netty/resources/PooledConnectionProvider$PoolFactory.registrar:Ljava/util/function/Supplier;
       220: ifnull        261
       223: aload_1
       224: getfield      #635                // Field reactor/netty/resources/PooledConnectionProvider$PoolFactory.registrar:Ljava/util/function/Supplier;
       227: invokeinterface #639,  1          // InterfaceMethod java/util/function/Supplier.get:()Ljava/lang/Object;
       232: checkcast     #35                 // class reactor/netty/resources/ConnectionProvider$MeterRegistrar
       235: aload_0
       236: getfield      #108                // Field name:Ljava/lang/String;
       239: aload         7
       241: aload_2
       242: aload_0
       243: aload         8
       245: invokeinterface #510,  1          // InterfaceMethod reactor/netty/internal/shaded/reactor/pool/InstrumentedPool.metrics:()Lreactor/netty/internal/shaded/reactor/pool/InstrumentedPool$PoolMetrics;
       250: invokevirtual #888                // Method delegateConnectionPoolMetrics:(Lreactor/netty/internal/shaded/reactor/pool/InstrumentedPool$PoolMetrics;)Lreactor/netty/resources/ConnectionPoolMetrics;
       253: invokeinterface #891,  5          // InterfaceMethod reactor/netty/resources/ConnectionProvider$MeterRegistrar.registerMetrics:(Ljava/lang/String;Ljava/lang/String;Ljava/net/SocketAddress;Lreactor/netty/resources/ConnectionPoolMetrics;)V
       258: goto          281
       261: invokestatic  #645                // Method reactor/netty/internal/util/Metrics.isMicrometerAvailable:()Z
       264: ifeq          281
       267: aload_0
       268: aload         7
       270: aload_2
       271: aload         8
       273: invokeinterface #510,  1          // InterfaceMethod reactor/netty/internal/shaded/reactor/pool/InstrumentedPool.metrics:()Lreactor/netty/internal/shaded/reactor/pool/InstrumentedPool$PoolMetrics;
       278: invokevirtual #893                // Method registerDefaultMetrics:(Ljava/lang/String;Ljava/net/SocketAddress;Lreactor/netty/internal/shaded/reactor/pool/InstrumentedPool$PoolMetrics;)V
       281: aload         8
       283: areturn

  static {};
    Code:
         0: ldc           #2                  // class reactor/netty/resources/PooledConnectionProvider
         2: invokestatic  #902                // Method reactor/util/Loggers.getLogger:(Ljava/lang/Class;)Lreactor/util/Logger;
         5: putstatic     #486                // Field log:Lreactor/util/Logger;
         8: return
}
